## default
pq2_m1024_n1_k5120_f0_c0 - 136.14 1384 kB/run
pq2_m2048_n1_k5120_f0_c0 - 6.46 2748 kB/run
pq2_m3072_n1_k5120_f0_c0 - 7.06 4112 kB/run
pq2_m4096_n1_k5120_f0_c0 - 8.06 5476 kB/run
pq2_m5120_n1_k5120_f0_c0 - 10.73 6840 kB/run
pq2_m5632_n1_k5120_f0_c0 - 11.01 7522 kB/run
pq2_m6144_n1_k5120_f0_c0 - 11.65 8204 kB/run
pq2_m8192_n1_k5120_f0_c0 - 15.35 10932 kB/run
pq2_m1024_n1_k2048_f0_c0 - 2.93 556 kB/run
pq2_m1024_n1_k4096_f0_c0 - 4.39 1108 kB/run
pq2_m1024_n1_k6144_f0_c0 - 5.01 1660 kB/run
pq2_m1024_n1_k8192_f0_c0 - 6.45 2212 kB/run
pq2_m1024_n1_k17408_f0_c0 - 9.44 4696 kB/run
pq2_m1024_n1_k5120_f0_c1 - 4.99 1384 kB/run
## GGML_VK_FORCE_MMVQ=1
pq2_m1024_n1_k5120_f0_c0 - 133.49 1384 kB/run
pq2_m2048_n1_k5120_f0_c0 - 6.26 2748 kB/run
pq2_m3072_n1_k5120_f0_c0 - 8.54 4112 kB/run
pq2_m4096_n1_k5120_f0_c0 - 8.42 5476 kB/run
pq2_m5120_n1_k5120_f0_c0 - 9.95 6840 kB/run
pq2_m5632_n1_k5120_f0_c0 - 11.13 7522 kB/run
pq2_m6144_n1_k5120_f0_c0 - 11.84 8204 kB/run
pq2_m8192_n1_k5120_f0_c0 - 14.47 10932 kB/run
pq2_m1024_n1_k2048_f0_c0 - 2.80 556 kB/run
pq2_m1024_n1_k4096_f0_c0 - 4.41 1108 kB/run
pq2_m1024_n1_k6144_f0_c0 - 5.90 1660 kB/run
pq2_m1024_n1_k8192_f0_c0 - 6.95 2212 kB/run
pq2_m1024_n1_k17408_f0_c0 - 10.11 4696 kB/run
pq2_m1024_n1_k5120_f0_c1 - 5.20 1384 kB/run
## GGML_VK_DISABLE_MMVQ=1
pq2_m1024_n1_k5120_f0_c0 - 141.09 1384 kB/run
pq2_m2048_n1_k5120_f0_c0 - 8.50 2748 kB/run
pq2_m3072_n1_k5120_f0_c0 - 12.29 4112 kB/run
pq2_m4096_n1_k5120_f0_c0 - 12.85 5476 kB/run
pq2_m5120_n1_k5120_f0_c0 - 15.75 6840 kB/run
pq2_m5632_n1_k5120_f0_c0 - 16.04 7522 kB/run
pq2_m6144_n1_k5120_f0_c0 - 18.19 8204 kB/run
pq2_m8192_n1_k5120_f0_c0 - 22.59 10932 kB/run
pq2_m1024_n1_k2048_f0_c0 - 4.08 556 kB/run
pq2_m1024_n1_k4096_f0_c0 - 4.46 1108 kB/run
pq2_m1024_n1_k6144_f0_c0 - 6.52 1660 kB/run
pq2_m1024_n1_k8192_f0_c0 - 7.94 2212 kB/run
pq2_m1024_n1_k17408_f0_c0 - 13.20 4696 kB/run
pq2_m1024_n1_k5120_f0_c1 - 6.55 1384 kB/run
## GGML_VK_DISABLE_FUSION=1
pq2_m1024_n1_k5120_f0_c0 - 132.89 1384 kB/run
pq2_m2048_n1_k5120_f0_c0 - 6.27 2748 kB/run
pq2_m3072_n1_k5120_f0_c0 - 7.31 4112 kB/run
pq2_m4096_n1_k5120_f0_c0 - 8.42 5476 kB/run
pq2_m5120_n1_k5120_f0_c0 - 10.50 6840 kB/run
pq2_m5632_n1_k5120_f0_c0 - 11.97 7522 kB/run
pq2_m6144_n1_k5120_f0_c0 - 11.53 8204 kB/run
pq2_m8192_n1_k5120_f0_c0 - 14.67 10932 kB/run
pq2_m1024_n1_k2048_f0_c0 - 2.53 556 kB/run
pq2_m1024_n1_k4096_f0_c0 - 3.98 1108 kB/run
pq2_m1024_n1_k6144_f0_c0 - 4.32 1660 kB/run
pq2_m1024_n1_k8192_f0_c0 - 5.02 2212 kB/run
pq2_m1024_n1_k17408_f0_c0 - 8.33 4696 kB/run
pq2_m1024_n1_k5120_f0_c1 - 4.13 1384 kB/run
