ggml_cuda_init: found 1 CUDA devices (Total VRAM: 22905 MiB):
  Device 0: Tesla P40, compute capability 6.1, VMM: yes, VRAM: 22905 MiB
ggml_cuda_graph_set_enabled: disabling CUDA graphs due to GPU architecture
ggml_cuda_graph_set_enabled: disabling CUDA graphs due to GPU architecture
ggml_cuda_graph_set_enabled: disabling CUDA graphs due to GPU architecture
ggml_cuda_graph_set_enabled: disabling CUDA graphs due to GPU architecture
ggml_cuda_graph_set_enabled: disabling CUDA graphs due to GPU architecture
ggml_cuda_graph_set_enabled: disabling CUDA graphs due to GPU architecture
Testing 2 devices

Backend 1/2: CUDA0
  Device description: Tesla P40
  Device memory: 22905 MB (11485 MB free)

  MUL_MAT(name=pq2_m67_n1_k256_f0_c1,type=f32,ne=[67,1,1,1],op_params=[],sources=pq2_0[256,67,1,1],f32[256,1,1,1]): ggml_cuda_graph_set_enabled: disabling CUDA graphs due to GPU architecture
ggml_cuda_graph_set_enabled: disabling CUDA graphs due to GPU architecture
ggml_cuda_graph_set_enabled: disabling CUDA graphs due to GPU architecture
ggml_cuda_graph_set_enabled: disabling CUDA graphs due to GPU architecture
ggml_cuda_graph_set_enabled: disabling CUDA graphs due to GPU architecture
ggml_cuda_graph_set_enabled: disabling CUDA graphs due to GPU architecture
[1;32mOK[0m
  MUL_MAT(name=pq2_m67_n2_k256_f0_c1,type=f32,ne=[67,2,1,1],op_params=[],sources=pq2_0[256,67,1,1],f32[256,2,1,1]): ggml_cuda_graph_set_enabled: disabling CUDA graphs due to GPU architecture
[1;32mOK[0m
  MUL_MAT(name=pq2_m67_n1_k256_f2_c1,type=f32,ne=[67,1,1,1],op_params=[],sources=pq2_0[256,67,1,1],f32[256,1,1,1]): ggml_cuda_graph_set_enabled: disabling CUDA graphs due to GPU architecture
[1;32mOK[0m
  MUL_MAT(name=pq2_m67_n1_k256_f513_c1,type=f32,ne=[67,1,1,1],op_params=[],sources=pq2_0[256,67,1,1],f32[256,1,1,1]): ggml_cuda_graph_set_enabled: disabling CUDA graphs due to GPU architecture
[1;32mOK[0m
  MUL_MAT(name=pq2_m67_n1_k256_f519_c1,type=f32,ne=[67,1,1,1],op_params=[],sources=pq2_0[256,67,1,1],f32[256,1,1,1]): [1;32mOK[0m
  MUL_MAT(name=pq2_m67_n1_k256_f769_c1,type=f32,ne=[67,1,1,1],op_params=[],sources=pq2_0[256,67,1,1],f32[256,1,1,1]): ggml_cuda_graph_set_enabled: disabling CUDA graphs due to GPU architecture
[1;32mOK[0m
  MUL_MAT(name=pq2_m67_n1_k256_f775_c1,type=f32,ne=[67,1,1,1],op_params=[],sources=pq2_0[256,67,1,1],f32[256,1,1,1]): ggml_cuda_graph_set_enabled: disabling CUDA graphs due to GPU architecture
[1;32mOK[0m
  MUL_MAT(name=pq2_m67_n1_k256_f1025_c1,type=f32,ne=[67,1,1,1],op_params=[],sources=pq2_0[256,67,1,1],f32[256,1,1,1]): ggml_cuda_graph_set_enabled: disabling CUDA graphs due to GPU architecture
[1;32mOK[0m
  MUL_MAT(name=pq2_m67_n1_k256_f1031_c1,type=f32,ne=[67,1,1,1],op_params=[],sources=pq2_0[256,67,1,1],f32[256,1,1,1]): ggml_cuda_graph_set_enabled: disabling CUDA graphs due to GPU architecture
ggml_cuda_graph_set_enabled: disabling CUDA graphs due to GPU architecture
ggml_cuda_graph_set_enabled: disabling CUDA graphs due to GPU architecture
ggml_cuda_graph_set_enabled: disabling CUDA graphs due to GPU architecture
ggml_cuda_graph_set_enabled: disabling CUDA graphs due to GPU architecture
ggml_cuda_graph_set_enabled: disabling CUDA graphs due to GPU architecture
[1;32mOK[0m
  MUL_MAT(name=pq2_m17408_n1_k5120_f0_c0,type=f32,ne=[17408,1,1,1],op_params=[],sources=pq2_0[5120,17408,1,1],f32[5120,1,1,1]): ggml_cuda_graph_set_enabled: disabling CUDA graphs due to GPU architecture
ggml_cuda_graph_set_enabled: disabling CUDA graphs due to GPU architecture
ggml_cuda_graph_set_enabled: disabling CUDA graphs due to GPU architecture
ggml_cuda_graph_set_enabled: disabling CUDA graphs due to GPU architecture
ggml_cuda_graph_set_enabled: disabling CUDA graphs due to GPU architecture
ggml_cuda_graph_set_enabled: disabling CUDA graphs due to GPU architecture
[1;32mOK[0m
  MUL_MAT(name=pq2_m17408_n2_k5120_f0_c0,type=f32,ne=[17408,2,1,1],op_params=[],sources=pq2_0[5120,17408,1,1],f32[5120,2,1,1]): ggml_cuda_graph_set_enabled: disabling CUDA graphs due to GPU architecture
ggml_cuda_graph_set_enabled: disabling CUDA graphs due to GPU architecture
ggml_cuda_graph_set_enabled: disabling CUDA graphs due to GPU architecture
ggml_cuda_graph_set_enabled: disabling CUDA graphs due to GPU architecture
ggml_cuda_graph_set_enabled: disabling CUDA graphs due to GPU architecture
ggml_cuda_graph_set_enabled: disabling CUDA graphs due to GPU architecture
[1;32mOK[0m
  MUL_MAT(name=pq2_m5120_n1_k17408_f0_c0,type=f32,ne=[5120,1,1,1],op_params=[],sources=pq2_0[17408,5120,1,1],f32[17408,1,1,1]): ggml_cuda_graph_set_enabled: disabling CUDA graphs due to GPU architecture
ggml_cuda_graph_set_enabled: disabling CUDA graphs due to GPU architecture
ggml_cuda_graph_set_enabled: disabling CUDA graphs due to GPU architecture
ggml_cuda_graph_set_enabled: disabling CUDA graphs due to GPU architecture
ggml_cuda_graph_set_enabled: disabling CUDA graphs due to GPU architecture
ggml_cuda_graph_set_enabled: disabling CUDA graphs due to GPU architecture
[1;32mOK[0m
  MUL_MAT(name=pq2_m5120_n2_k17408_f0_c0,type=f32,ne=[5120,2,1,1],op_params=[],sources=pq2_0[17408,5120,1,1],f32[17408,2,1,1]): ggml_cuda_graph_set_enabled: disabling CUDA graphs due to GPU architecture
ggml_cuda_graph_set_enabled: disabling CUDA graphs due to GPU architecture
ggml_cuda_graph_set_enabled: disabling CUDA graphs due to GPU architecture
ggml_cuda_graph_set_enabled: disabling CUDA graphs due to GPU architecture
ggml_cuda_graph_set_enabled: disabling CUDA graphs due to GPU architecture
ggml_cuda_graph_set_enabled: disabling CUDA graphs due to GPU architecture
[1;32mOK[0m
  MUL_MAT(name=pq2_m5120_n1_k5120_f0_c0,type=f32,ne=[5120,1,1,1],op_params=[],sources=pq2_0[5120,5120,1,1],f32[5120,1,1,1]): ggml_cuda_graph_set_enabled: disabling CUDA graphs due to GPU architecture
ggml_cuda_graph_set_enabled: disabling CUDA graphs due to GPU architecture
ggml_cuda_graph_set_enabled: disabling CUDA graphs due to GPU architecture
ggml_cuda_graph_set_enabled: disabling CUDA graphs due to GPU architecture
ggml_cuda_graph_set_enabled: disabling CUDA graphs due to GPU architecture
ggml_cuda_graph_set_enabled: disabling CUDA graphs due to GPU architecture
[1;32mOK[0m
  MUL_MAT(name=pq2_m5120_n2_k5120_f0_c0,type=f32,ne=[5120,2,1,1],op_params=[],sources=pq2_0[5120,5120,1,1],f32[5120,2,1,1]): [1;32mOK[0m
  15/15 tests passed
  Backend CUDA0: [1;32mOK[0m
Backend 2/2: CPU
  Skipping
2/2 backends passed
[1;32mOK[0m
