ggml_cuda_init: found 1 CUDA devices (Total VRAM: 22905 MiB):
  Device 0: Tesla P40, compute capability 6.1, VMM: yes, VRAM: 22905 MiB
ggml_cuda_graph_set_enabled: disabling CUDA graphs due to GPU architecture
ggml_cuda_graph_set_enabled: disabling CUDA graphs due to GPU architecture
ggml_cuda_graph_set_enabled: disabling CUDA graphs due to GPU architecture
ggml_cuda_graph_set_enabled: disabling CUDA graphs due to GPU architecture
ggml_cuda_graph_set_enabled: disabling CUDA graphs due to GPU architecture
ggml_cuda_graph_set_enabled: disabling CUDA graphs due to GPU architecture
Testing 2 devices

Backend 1/2: CUDA0
  Device description: Tesla P40
  Device memory: 22905 MB (11485 MB free)

  MUL_MAT(name=pq2_m131_n150_k256_f0_c0,type=f32,ne=[131,150,1,1],op_params=[],sources=pq2_0[256,131,1,1],f32[256,150,1,1]): ggml_cuda_graph_set_enabled: disabling CUDA graphs due to GPU architecture
ggml_cuda_graph_set_enabled: disabling CUDA graphs due to GPU architecture
ggml_cuda_graph_set_enabled: disabling CUDA graphs due to GPU architecture
ggml_cuda_graph_set_enabled: disabling CUDA graphs due to GPU architecture
ggml_cuda_graph_set_enabled: disabling CUDA graphs due to GPU architecture
ggml_cuda_graph_set_enabled: disabling CUDA graphs due to GPU architecture
[1;32mOK[0m
  MUL_MAT(name=pq2_m67_n193_k512_f0_c0,type=f32,ne=[67,193,1,1],op_params=[],sources=pq2_0[512,67,1,1],f32[512,193,1,1]): [1;32mOK[0m
  2/2 tests passed
  Backend CUDA0: [1;32mOK[0m
Backend 2/2: CPU
  Skipping
2/2 backends passed
[1;32mOK[0m
