ggml_cuda_init: found 1 CUDA devices (Total VRAM: 24126 MiB):
  Device 0: NVIDIA GeForce RTX 3090, compute capability 8.6, VMM: yes, VRAM: 24126 MiB
ggml_backend_cuda_graph_compute: CUDA graph warmup complete
Testing 2 devices

Backend 1/2: CUDA0
  Device description: NVIDIA GeForce RTX 3090
  Device memory: 24126 MB (4535 MB free)

  MUL_MAT(name=pq2_m17408_n1_k5120_f0_c0,type=f32,ne=[17408,1,1,1],op_params=[],sources=pq2_0[5120,17408,1,1],f32[5120,1,1,1]): ggml_backend_cuda_graph_compute: CUDA graph warmup complete
               28920 runs -    35.47 us/run -    23208 kB/run - [1;34m 623.96 GB/s[0m
  MUL_MAT(name=pq2_m17408_n2_k5120_f0_c0,type=f32,ne=[17408,2,1,1],op_params=[],sources=pq2_0[5120,17408,1,1],f32[5120,2,1,1]): ggml_backend_cuda_graph_compute: CUDA graph warmup complete
               21615 runs -    48.77 us/run -    23296 kB/run - [1;34m 455.54 GB/s[0m
  MUL_MAT(name=pq2_m17408_n4_k5120_f0_c0,type=f32,ne=[17408,4,1,1],op_params=[],sources=pq2_0[5120,17408,1,1],f32[5120,4,1,1]): ggml_backend_cuda_graph_compute: CUDA graph warmup complete
               15730 runs -    63.83 us/run -    23472 kB/run - [1;34m 350.68 GB/s[0m
  MUL_MAT(name=pq2_m17408_n8_k5120_f0_c0,type=f32,ne=[17408,8,1,1],op_params=[],sources=pq2_0[5120,17408,1,1],f32[5120,8,1,1]): ggml_backend_cuda_graph_compute: CUDA graph warmup complete
               11272 runs -    94.34 us/run -    23824 kB/run - [1;34m 240.83 GB/s[0m
  MUL_MAT(name=pq2_m5120_n1_k17408_f0_c0,type=f32,ne=[5120,1,1,1],op_params=[],sources=pq2_0[17408,5120,1,1],f32[17408,1,1,1]): ggml_backend_cuda_graph_compute: CUDA graph warmup complete
               26028 runs -    38.85 us/run -    23208 kB/run - [1;34m 569.70 GB/s[0m
  MUL_MAT(name=pq2_m5120_n2_k17408_f0_c0,type=f32,ne=[5120,2,1,1],op_params=[],sources=pq2_0[17408,5120,1,1],f32[17408,2,1,1]): ggml_backend_cuda_graph_compute: CUDA graph warmup complete
               20174 runs -    50.99 us/run -    23296 kB/run - [1;34m 435.72 GB/s[0m
  MUL_MAT(name=pq2_m5120_n4_k17408_f0_c0,type=f32,ne=[5120,4,1,1],op_params=[],sources=pq2_0[17408,5120,1,1],f32[17408,4,1,1]): ggml_backend_cuda_graph_compute: CUDA graph warmup complete
               15730 runs -    67.95 us/run -    23472 kB/run - [1;34m 329.42 GB/s[0m
  MUL_MAT(name=pq2_m5120_n8_k17408_f0_c0,type=f32,ne=[5120,8,1,1],op_params=[],sources=pq2_0[17408,5120,1,1],f32[17408,8,1,1]): ggml_backend_cuda_graph_compute: CUDA graph warmup complete
               12681 runs -    84.98 us/run -    23824 kB/run - [1;34m 267.36 GB/s[0m
  MUL_MAT(name=pq2_m5120_n1_k5120_f0_c0,type=f32,ne=[5120,1,1,1],op_params=[],sources=pq2_0[5120,5120,1,1],f32[5120,1,1,1]): ggml_backend_cuda_graph_compute: CUDA graph warmup complete
                  73590 runs -    13.76 us/run -     6840 kB/run - [1;34m 474.11 GB/s[0m
  MUL_MAT(name=pq2_m5120_n2_k5120_f0_c0,type=f32,ne=[5120,2,1,1],op_params=[],sources=pq2_0[5120,5120,1,1],f32[5120,2,1,1]): ggml_backend_cuda_graph_compute: CUDA graph warmup complete
                  58536 runs -    17.45 us/run -     6880 kB/run - [1;34m 375.90 GB/s[0m
  MUL_MAT(name=pq2_m5120_n4_k5120_f0_c0,type=f32,ne=[5120,4,1,1],op_params=[],sources=pq2_0[5120,5120,1,1],f32[5120,4,1,1]): ggml_backend_cuda_graph_compute: CUDA graph warmup complete
                  48220 runs -    22.53 us/run -     6960 kB/run - [1;34m 294.59 GB/s[0m
  MUL_MAT(name=pq2_m5120_n8_k5120_f0_c0,type=f32,ne=[5120,8,1,1],op_params=[],sources=pq2_0[5120,5120,1,1],f32[5120,8,1,1]):                   32991 runs -    30.62 us/run -     7120 kB/run - [1;34m 221.78 GB/s[0m
  Backend CUDA0: [1;32mOK[0m
Backend 2/2: CPU
  Skipping
2/2 backends passed
[1;32mOK[0m
